  MMM.cpp
C:\Git\comp3001\comp3001-master\Vectorization\Vectorization\Vectorization - Visual Studio\S4Vs\Section 4 using C instrinsics\Section 4 using C instrinsics\MMM.cpp(7,18): warning C4305: 'initializing': truncation from 'double' to 'float'
C:\Git\comp3001\comp3001-master\Vectorization\Vectorization\Vectorization - Visual Studio\S4Vs\Section 4 using C instrinsics\Section 4 using C instrinsics\MMM.cpp(7,30): warning C4305: 'initializing': truncation from 'double' to 'float'
C:\Git\comp3001\comp3001-master\Vectorization\Vectorization\Vectorization - Visual Studio\S4Vs\Section 4 using C instrinsics\Section 4 using C instrinsics\MMM.cpp(7,40): warning C4305: 'initializing': truncation from 'double' to 'float'
C:\Git\comp3001\comp3001-master\Vectorization\Vectorization\Vectorization - Visual Studio\S4Vs\Section 4 using C instrinsics\Section 4 using C instrinsics\MMM.cpp(35,63): warning C4101: 'xmm2': unreferenced local variable
C:\Git\comp3001\comp3001-master\Vectorization\Vectorization\Vectorization - Visual Studio\S4Vs\Section 4 using C instrinsics\Section 4 using C instrinsics\MMM.cpp(35,45): warning C4101: 'num6': unreferenced local variable
C:\Git\comp3001\comp3001-master\Vectorization\Vectorization\Vectorization - Visual Studio\S4Vs\Section 4 using C instrinsics\Section 4 using C instrinsics\MMM.cpp(35,51): warning C4101: 'num7': unreferenced local variable
C:\Git\comp3001\comp3001-master\Vectorization\Vectorization\Vectorization - Visual Studio\S4Vs\Section 4 using C instrinsics\Section 4 using C instrinsics\MMM.cpp(35,21): warning C4101: 'num2': unreferenced local variable
C:\Git\comp3001\comp3001-master\Vectorization\Vectorization\Vectorization - Visual Studio\S4Vs\Section 4 using C instrinsics\Section 4 using C instrinsics\MMM.cpp(35,39): warning C4101: 'num5': unreferenced local variable
C:\Git\comp3001\comp3001-master\Vectorization\Vectorization\Vectorization - Visual Studio\S4Vs\Section 4 using C instrinsics\Section 4 using C instrinsics\MMM.cpp(35,57): warning C4101: 'xmm1': unreferenced local variable
C:\Git\comp3001\comp3001-master\Vectorization\Vectorization\Vectorization - Visual Studio\S4Vs\Section 4 using C instrinsics\Section 4 using C instrinsics\MMM.cpp(36,8): warning C4101: 'temp': unreferenced local variable
C:\Git\comp3001\comp3001-master\Vectorization\Vectorization\Vectorization - Visual Studio\S4Vs\Section 4 using C instrinsics\Section 4 using C instrinsics\MMM.cpp(84,69): warning C4101: 'ymm10': unreferenced local variable
C:\Git\comp3001\comp3001-master\Vectorization\Vectorization\Vectorization - Visual Studio\S4Vs\Section 4 using C instrinsics\Section 4 using C instrinsics\MMM.cpp(84,63): warning C4101: 'ymm9': unreferenced local variable
C:\Git\comp3001\comp3001-master\Vectorization\Vectorization\Vectorization - Visual Studio\S4Vs\Section 4 using C instrinsics\Section 4 using C instrinsics\MMM.cpp(85,15): warning C4101: 'xmm2': unreferenced local variable
C:\Git\comp3001\comp3001-master\Vectorization\Vectorization\Vectorization - Visual Studio\S4Vs\Section 4 using C instrinsics\Section 4 using C instrinsics\MMM.cpp(84,39): warning C4101: 'ymm5': unreferenced local variable
C:\Git\comp3001\comp3001-master\Vectorization\Vectorization\Vectorization - Visual Studio\S4Vs\Section 4 using C instrinsics\Section 4 using C instrinsics\MMM.cpp(84,45): warning C4101: 'ymm6': unreferenced local variable
C:\Git\comp3001\comp3001-master\Vectorization\Vectorization\Vectorization - Visual Studio\S4Vs\Section 4 using C instrinsics\Section 4 using C instrinsics\MMM.cpp(84,90): warning C4101: 'ymm13': unreferenced local variable
C:\Git\comp3001\comp3001-master\Vectorization\Vectorization\Vectorization - Visual Studio\S4Vs\Section 4 using C instrinsics\Section 4 using C instrinsics\MMM.cpp(84,97): warning C4101: 'ymm14': unreferenced local variable
C:\Git\comp3001\comp3001-master\Vectorization\Vectorization\Vectorization - Visual Studio\S4Vs\Section 4 using C instrinsics\Section 4 using C instrinsics\MMM.cpp(84,104): warning C4101: 'ymm15': unreferenced local variable
C:\Git\comp3001\comp3001-master\Vectorization\Vectorization\Vectorization - Visual Studio\S4Vs\Section 4 using C instrinsics\Section 4 using C instrinsics\MMM.cpp(84,76): warning C4101: 'ymm11': unreferenced local variable
C:\Git\comp3001\comp3001-master\Vectorization\Vectorization\Vectorization - Visual Studio\S4Vs\Section 4 using C instrinsics\Section 4 using C instrinsics\MMM.cpp(86,6): warning C4101: 'i': unreferenced local variable
C:\Git\comp3001\comp3001-master\Vectorization\Vectorization\Vectorization - Visual Studio\S4Vs\Section 4 using C instrinsics\Section 4 using C instrinsics\MMM.cpp(84,57): warning C4101: 'ymm8': unreferenced local variable
C:\Git\comp3001\comp3001-master\Vectorization\Vectorization\Vectorization - Visual Studio\S4Vs\Section 4 using C instrinsics\Section 4 using C instrinsics\MMM.cpp(84,15): warning C4101: 'ymm1': unreferenced local variable
C:\Git\comp3001\comp3001-master\Vectorization\Vectorization\Vectorization - Visual Studio\S4Vs\Section 4 using C instrinsics\Section 4 using C instrinsics\MMM.cpp(84,9): warning C4101: 'ymm0': unreferenced local variable
C:\Git\comp3001\comp3001-master\Vectorization\Vectorization\Vectorization - Visual Studio\S4Vs\Section 4 using C instrinsics\Section 4 using C instrinsics\MMM.cpp(85,9): warning C4101: 'xmm1': unreferenced local variable
C:\Git\comp3001\comp3001-master\Vectorization\Vectorization\Vectorization - Visual Studio\S4Vs\Section 4 using C instrinsics\Section 4 using C instrinsics\MMM.cpp(84,21): warning C4101: 'ymm2': unreferenced local variable
C:\Git\comp3001\comp3001-master\Vectorization\Vectorization\Vectorization - Visual Studio\S4Vs\Section 4 using C instrinsics\Section 4 using C instrinsics\MMM.cpp(87,8): warning C4101: 'temp': unreferenced local variable
C:\Git\comp3001\comp3001-master\Vectorization\Vectorization\Vectorization - Visual Studio\S4Vs\Section 4 using C instrinsics\Section 4 using C instrinsics\MMM.cpp(84,51): warning C4101: 'ymm7': unreferenced local variable
C:\Git\comp3001\comp3001-master\Vectorization\Vectorization\Vectorization - Visual Studio\S4Vs\Section 4 using C instrinsics\Section 4 using C instrinsics\MMM.cpp(84,33): warning C4101: 'ymm4': unreferenced local variable
C:\Git\comp3001\comp3001-master\Vectorization\Vectorization\Vectorization - Visual Studio\S4Vs\Section 4 using C instrinsics\Section 4 using C instrinsics\MMM.cpp(84,83): warning C4101: 'ymm12': unreferenced local variable
C:\Git\comp3001\comp3001-master\Vectorization\Vectorization\Vectorization - Visual Studio\S4Vs\Section 4 using C instrinsics\Section 4 using C instrinsics\MMM.cpp(84,27): warning C4101: 'ymm3': unreferenced local variable
  main.cpp
C:\Git\comp3001\comp3001-master\Vectorization\Vectorization\Vectorization - Visual Studio\S4Vs\Section 4 using C instrinsics\Section 4 using C instrinsics\MMM.h(24,1): warning C4005: 'EPSILON': macro redefinition
C:\Git\comp3001\comp3001-master\Vectorization\Vectorization\Vectorization - Visual Studio\S4Vs\Section 4 using C instrinsics\Section 4 using C instrinsics\MVM.h(23): message : see previous definition of 'EPSILON'
  Generating Code...
  Section 4 using C instrinsics.vcxproj -> C:\Git\comp3001\comp3001-master\Vectorization\Vectorization\Vectorization - Visual Studio\S4Vs\Section 4 using C instrinsics\Debug\Section 4 using C instrinsics.exe
